000000 DIAGNOSTICS
=== CDC overlay disc image (OVDK=160 VORS=1000 RQR=37 VOR=77000 -> VOR_base=40000) DKADR physical placement ===
  ovl  window  logsec  physsec  first 4 words
  000  040000  000160  000450  005003 170402 144052 016452
  001  041000  000162  000454  005003 170402 144052 016452
  002  042000  000164  000460  005003 170402 144052 016452
  003  043000  000166  000464  005003 170402 144052 016452
  004  044000  000170  000500  056040 023400 005003 170402
  005  045000  000172  000504  050122 047507 051101 046440
  006  046000  000174  000510  043111 046105 020116 052515
  007  047000  000176  000514  005003 170402 144052 016452
  010  050000  000200  000520  005003 170402 144052 016452
  011  051000  000202  000524  040514 051105 040504 054440
  012  052000  000204  000540  022044 040105 047124 042522
  013  053000  000206  000544  054517 052440 040522 042440
  014  054000  000210  000550  052111 046505 051510 040522
  015  055000  000212  000554  052523 042522 020116 052515
  016  056000  000214  000560  022124 044515 042440 052523
  017  057000  000216  000564  040515 041111 043525 047525
  020  060000  000220  000600  005003 170402 144052 016452
  021  061000  000222  000604  005003 170402 144052 016452
  022  062000  000224  000610  022102 040504 020120 040522
  023  063000  000226  000614  005003 170402 144052 016452
  024  064000  000230  000620  005003 170402 144052 016452
  025  065000  000232  000624  005003 170402 144052 016452
  026  066000  000234  000640  005003 170402 144052 016452
  027  067000  000236  000644  005003 170402 144052 016452
  030  070000  000240  000650  005003 170402 144052 016452
  031  071000  000242  000654  005003 170402 144052 016452
  032  072000  000244  000660  005003 170402 144052 016452
  033  073000  000246  000664  005003 170402 144052 016452
  034  074000  000250  000700  005003 170402 144052 016452
  035  075000  000252  000704  000074 017644 017650 017655
  036  076000  000254  000710  000074 020731 032620 032612
  max phys sector = 000712 (458 dec) -> image 459 sectors, 235008 bytes
  wrote 459 sectors (117504 words, 235008 bytes) to tss-cdc.img
